﻿
> frontend@0.0.0 build
> vite build

[36mvite v5.4.21 [32mbuilding for production...[36m[39m
transforming...
[32mÔ£ô[39m 2155 modules transformed.
node.exe : [31mx[39m Build failed in 15.21s
At C:\Program Files\nodejs\npm.ps1:29 char:3
+   & $NODE_EXE $NPM_CLI_JS $args
+   ~~~~~~~~~~~~~~~~~~~~~~~~~~~~~
    + CategoryInfo          : NotSpecified: ([31mx[39m Build failed in 15.21s:String) [], RemoteException
    + FullyQualifiedErrorId : NativeCommandError
 
[31merror during build:
[31msrc/components/Footer.jsx (2:19): "Facebook" is not exported by 
"node_modules/lucide-react/dist/esm/lucide-react.mjs", imported by "src/components/Footer.jsx".[31m
file: [36mD:/pp/service_center/frontend/src/components/Footer.jsx:2:19[31m
[33m
1: import React from 'react';
2: import { CarFront, Facebook, Twitter, Instagram, Linkedin, Mail, Phone, MapPin } from 'lucide-react';
                      ^
3: 
4: const Footer = () => {
[31m
    at getRollupError (file:///D:/pp/service_center/frontend/node_modules/rollup/dist/es/shared/parseAst.js:406:41)
    at error (file:///D:/pp/service_center/frontend/node_modules/rollup/dist/es/shared/parseAst.js:402:42)
    at Module.error (file:///D:/pp/service_center/frontend/node_modules/rollup/dist/es/shared/node-entry.js:17384:16)
    at Module.traceVariable 
(file:///D:/pp/service_center/frontend/node_modules/rollup/dist/es/shared/node-entry.js:17817:29)
    at ModuleScope.findVariable 
(file:///D:/pp/service_center/frontend/node_modules/rollup/dist/es/shared/node-entry.js:15407:39)
    at ReturnValueScope.findVariable 
(file:///D:/pp/service_center/frontend/node_modules/rollup/dist/es/shared/node-entry.js:5676:38)
    at FunctionBodyScope.findVariable 
(file:///D:/pp/service_center/frontend/node_modules/rollup/dist/es/shared/node-entry.js:5676:38)
    at Identifier.bind (file:///D:/pp/service_center/frontend/node_modules/rollup/dist/es/shared/node-entry.js:5450:40)
    at CallExpression.bind 
(file:///D:/pp/service_center/frontend/node_modules/rollup/dist/es/shared/node-entry.js:2828:28)
    at CallExpression.bind 
(file:///D:/pp/service_center/frontend/node_modules/rollup/dist/es/shared/node-entry.js:12516:15)[39m
